CHARMM General Force Field (CGenFF) program version 4.0
released June 2024
Copyright (C) 2020 SilcBio LLC
and University of Maryland, School of Pharmacy. All Rights Reserved.

Licensed to:
cgenff server
serverncgenff

License expires: Tue Dec 31 00:00:00 2030

readpar debug: read 683 bonds, 2501 angles, 7460 dihedrals, 203 impropers
               and 375437 characters worth of comments.
readmol2 warning: renaming non-unique atom C to C1 .
readmol2 warning: renaming non-unique atom C to C2 .
readmol2 warning: renaming non-unique atom C to C3 .
readmol2 warning: renaming non-unique atom C to C4 .
readmol2 warning: renaming non-unique atom C to C5 .
readmol2 warning: renaming non-unique atom C to C6 .
readmol2 warning: renaming non-unique atom C to C7 .
readmol2 warning: renaming non-unique atom C to C8 .
readmol2 warning: renaming non-unique atom C to C9 .
readmol2 warning: renaming non-unique atom C to C10 .
readmol2 warning: renaming non-unique atom C to C11 .
readmol2 warning: renaming non-unique atom C to C12 .
readmol2 warning: renaming non-unique atom C to C13 .
readmol2 warning: renaming non-unique atom C to C14 .
readmol2 warning: renaming non-unique atom C to C15 .
readmol2 warning: renaming non-unique atom C to C16 .
readmol2 warning: renaming non-unique atom C to C17 .
readmol2 warning: renaming non-unique atom C to C18 .
readmol2 warning: renaming non-unique atom C to C19 .
readmol2 warning: renaming non-unique atom C to C20 .
readmol2 warning: renaming non-unique atom C to C21 .
readmol2 warning: renaming non-unique atom C to C22 .
readmol2 warning: renaming non-unique atom C to C23 .
readmol2 warning: renaming non-unique atom C to C24 .
readmol2 warning: renaming non-unique atom C to C25 .
readmol2 warning: renaming non-unique atom C to C26 .
readmol2 warning: renaming non-unique atom C to C27 .
readmol2 warning: renaming non-unique atom C to C28 .
readmol2 warning: renaming non-unique atom C to C29 .
readmol2 warning: renaming non-unique atom C to C30 .
readmol2 warning: renaming non-unique atom C to C31 .
readmol2 warning: renaming non-unique atom C to C32 .
readmol2 warning: renaming non-unique atom C to C33 .
readmol2 warning: renaming non-unique atom C to C34 .
readmol2 warning: renaming non-unique atom C to C35 .
readmol2 warning: renaming non-unique atom H to H1 .
readmol2 warning: renaming non-unique atom H to H2 .
readmol2 warning: renaming non-unique atom H to H3 .
readmol2 warning: renaming non-unique atom H to H4 .
readmol2 warning: renaming non-unique atom H to H5 .
readmol2 warning: renaming non-unique atom H to H6 .
readmol2 warning: renaming non-unique atom H to H7 .
readmol2 warning: renaming non-unique atom H to H8 .
readmol2 warning: renaming non-unique atom H to H9 .
readmol2 warning: renaming non-unique atom H to H10 .
readmol2 warning: renaming non-unique atom H to H11 .
readmol2 warning: renaming non-unique atom H to H12 .
readmol2 warning: renaming non-unique atom H to H13 .
readmol2 warning: renaming non-unique atom H to H14 .
readmol2 warning: renaming non-unique atom H to H15 .
readmol2 warning: renaming non-unique atom H to H16 .
readmol2 warning: renaming non-unique atom H to H17 .
readmol2 warning: renaming non-unique atom H to H18 .
readmol2 warning: renaming non-unique atom H to H19 .
readmol2 warning: renaming non-unique atom H to H20 .
readmol2 warning: renaming non-unique atom H to H21 .
readmol2 warning: renaming non-unique atom H to H22 .
readmol2 warning: renaming non-unique atom H to H23 .
readmol2 warning: renaming non-unique atom H to H24 .
readmol2 warning: renaming non-unique atom H to H25 .
readmol2 warning: renaming non-unique atom H to H26 .
readmol2 warning: renaming non-unique atom H to H27 .
readmol2 warning: renaming non-unique atom H to H28 .
readmol2 warning: renaming non-unique atom H to H29 .
readmol2 warning: renaming non-unique atom H to H30 .
readmol2 warning: renaming non-unique atom H to H31 .
readmol2 warning: renaming non-unique atom H to H32 .
readmol2 warning: renaming non-unique atom H to H33 .
readmol2 warning: renaming non-unique atom H to H34 .
readmol2 warning: renaming non-unique atom H to H35 .
readmol2 warning: renaming non-unique atom H to H36 .
readmol2 warning: renaming non-unique atom H to H37 .
readmol2 warning: renaming non-unique atom H to H38 .
readmol2 warning: renaming non-unique atom H to H39 .
readmol2 warning: renaming non-unique atom H to H40 .
readmol2 warning: renaming non-unique atom H to H41 .
readmol2 warning: renaming non-unique atom H to H42 .
readmol2 warning: renaming non-unique atom H to H43 .
readmol2 warning: renaming non-unique atom H to H44 .
readmol2 warning: renaming non-unique atom H to H45 .
readmol2 warning: renaming non-unique atom H to H46 .
readmol2 warning: renaming non-unique atom H to H47 .
readmol2 warning: renaming non-unique atom H to H48 .
readmol2 warning: renaming non-unique atom H to H49 .
readmol2 warning: renaming non-unique atom H to H50 .
readmol2 warning: renaming non-unique atom H to H51 .
readmol2 warning: renaming non-unique atom H to H52 .
readmol2 warning: renaming non-unique atom H to H53 .
readmol2 warning: renaming non-unique atom O to O1 .
readmol2 warning: renaming non-unique atom O to O2 .
Now processing molecule ABI ...
ringper debug: stored 6-membered ring in stage 1.
ringper debug: stored 6-membered ring in stage 2.
ringper debug: stored 6-membered ring in stage 2.
ringper debug: added anchor for 6-membered ring in stage 2.
ringper debug: added anchor for 6-membered ring in stage 2.
ringper debug: stored 6-membered ring in stage 2.
ringper debug: added anchor for 6-membered ring in stage 2.
ringper debug: stored 5-membered ring in stage 2.
ringper debug: added anchor for 6-membered ring in stage 2.
ringper debug: added anchor for 5-membered ring in stage 2.
ringper debug: added anchor for 6-membered ring in stage 2.
ringper debug: added anchor for 6-membered ring in stage 2.
ringper debug: added anchor for 6-membered ring in stage 2.
paranalogy debug: finding analogy for dihedral OG301 CG311 CG321 CG2D1
paranalogy debug: "smart algorithm" found no matching parameters;
switching to "exhaustive algorithm"
paranalogy debug: finding analogy for dihedral CG311 CG3RC1 CG3C52 CG2R51
paranalogy debug: "smart algorithm" found no matching parameters;
switching to "exhaustive algorithm"
paranalogy debug: finding analogy for dihedral CG3RC1 CG3RC1 CG3C52 CG2R51
paranalogy debug: "smart algorithm" found no matching parameters;
switching to "exhaustive algorithm"
paranalogy debug: finding analogy for dihedral HGA1 CG3RC1 CG3C52 CG2R51
paranalogy debug: "smart algorithm" found no matching parameters;
switching to "exhaustive algorithm"
paranalogy debug: finding analogy for dihedral CG311 CG3RC1 CG3RC1 CG2R51
paranalogy debug: "smart algorithm" found no matching parameters;
switching to "exhaustive algorithm"
paranalogy debug: finding analogy for dihedral CG3C52 CG3RC1 CG3RC1 CG2R51
paranalogy debug: "smart algorithm" found no matching parameters;
switching to "exhaustive algorithm"
paranalogy debug: finding analogy for dihedral HGA1 CG3RC1 CG3RC1 CG2R51
paranalogy debug: "smart algorithm" found no matching parameters;
switching to "exhaustive algorithm"
paranalogy debug: finding analogy for dihedral CG3RC1 CG3C52 CG2R51 CG2R51
paranalogy debug: finding analogy for dihedral CG3RC1 CG3C52 CG2R51 HGR51
paranalogy debug: finding analogy for dihedral CG3C52 CG2R51 CG2R51 CG2R61
paranalogy debug: "smart algorithm" found no matching parameters;
switching to "exhaustive algorithm"
paranalogy debug: finding analogy for dihedral CG3C52 CG2R51 CG2R51 CG3RC1
paranalogy debug: finding analogy for dihedral HGR51 CG2R51 CG2R51 CG2R61
paranalogy debug: "smart algorithm" found no matching parameters;
switching to "exhaustive algorithm"
paranalogy debug: finding analogy for dihedral HGR51 CG2R51 CG2R51 CG3RC1
paranalogy debug: finding analogy for CG2R51 CG2R61
paranalogy debug: finding analogy for dihedral CG2R51 CG2R51 CG2R61 CG2R61
paranalogy debug: "smart algorithm" found no matching parameters;
switching to "exhaustive algorithm"
paranalogy debug: finding analogy for dihedral CG3RC1 CG2R51 CG2R61 CG2R61
paranalogy debug: "smart algorithm" found no matching parameters;
switching to "exhaustive algorithm"
paranalogy debug: finding analogy for CG2R51 CG3RC1
paranalogy debug: finding analogy for dihedral CG2R51 CG2R51 CG3RC1 CG3RC1
paranalogy debug: "smart algorithm" found no matching parameters;
switching to "exhaustive algorithm"
paranalogy debug: finding analogy for dihedral CG2R51 CG2R51 CG3RC1 CG331
paranalogy debug: "smart algorithm" found no matching parameters;
switching to "exhaustive algorithm"
paranalogy debug: finding analogy for dihedral CG2R51 CG2R51 CG3RC1 CG321
paranalogy debug: "smart algorithm" found no matching parameters;
switching to "exhaustive algorithm"
paranalogy debug: finding analogy for dihedral CG2R61 CG2R51 CG3RC1 CG3RC1
paranalogy debug: "smart algorithm" found no matching parameters;
switching to "exhaustive algorithm"
paranalogy debug: finding analogy for dihedral CG2R61 CG2R51 CG3RC1 CG331
paranalogy debug: "smart algorithm" found no matching parameters;
switching to "exhaustive algorithm"
paranalogy debug: finding analogy for dihedral CG2R61 CG2R51 CG3RC1 CG321
paranalogy debug: "smart algorithm" found no matching parameters;
switching to "exhaustive algorithm"
paranalogy debug: finding analogy for dihedral CG2R51 CG2R61 CG2R61 CG2R61
paranalogy debug: finding analogy for dihedral CG2R51 CG2R61 CG2R61 HGR61
paranalogy debug: finding analogy for dihedral CG2R51 CG2R61 CG2R61 NG2R60
paranalogy debug: "smart algorithm" found no matching parameters;
switching to "exhaustive algorithm"
paranalogy debug: finding analogy for dihedral CG2R51 CG2R61 CG2R61 HGR62
paranalogy debug: finding analogy for dihedral CG2R51 CG3RC1 CG331 HGA3
paranalogy debug: "smart algorithm" found no matching parameters;
switching to "exhaustive algorithm"
paranalogy debug: finding analogy for dihedral CG2R51 CG3RC1 CG321 CG321
paranalogy debug: "smart algorithm" found no matching parameters;
switching to "exhaustive algorithm"
paranalogy debug: finding analogy for dihedral CG2R51 CG3RC1 CG321 HGA2
paranalogy debug: "smart algorithm" found no matching parameters;
switching to "exhaustive algorithm"
paranalogy debug: finding analogy for dihedral CG321 CG311 OG301 CG301
paranalogy debug: finding analogy for dihedral HGA1 CG311 OG301 CG301
paranalogy debug: finding analogy for dihedral CG321 CG321 OG301 CG301
paranalogy debug: finding analogy for dihedral HGA2 CG321 OG301 CG301
paranalogy debug: finding analogy for dihedral CG311 OG301 CG301 CG331
paranalogy debug: finding analogy for dihedral CG311 OG301 CG301 OG301
paranalogy debug: finding analogy for dihedral OG301 CG301 OG301 CG321
paranalogy debug: finding analogy for dihedral CG331 CG301 OG301 CG321
paranalogy debug: finding analogy for CG2R51 CG3C52 CG3RC1
paranalogy debug: finding analogy for CG2R61 CG2R51 CG2R51
paranalogy debug: "smart algorithm" found no matching parameters;
switching to "exhaustive algorithm"
paranalogy debug: finding analogy for CG3RC1 CG2R51 CG2R51
paranalogy debug: finding analogy for CG3RC1 CG2R51 CG2R61
paranalogy debug: "smart algorithm" found no matching parameters;
switching to "exhaustive algorithm"
paranalogy debug: finding analogy for CG2R61 CG2R61 CG2R51
paranalogy debug: finding analogy for CG2R51 CG3RC1 CG3RC1
paranalogy debug: "smart algorithm" found no matching parameters;
switching to "exhaustive algorithm"
exhaustive warning: no rule for atom type SEGD1 from parameter file.
paranalogy debug: finding analogy for CG331 CG3RC1 CG2R51
paranalogy debug: "smart algorithm" found no matching parameters;
switching to "exhaustive algorithm"
paranalogy debug: finding analogy for CG321 CG3RC1 CG2R51
paranalogy debug: "smart algorithm" found no matching parameters;
switching to "exhaustive algorithm"
paranalogy debug: finding analogy for CG301 OG301 CG311
paranalogy debug: finding analogy for CG301 OG301 CG321
paranalogy debug: finding analogy for dihedral OG301 CG311 CG321 CG2D1
paranalogy debug: "smart algorithm" found no matching parameters;
switching to "exhaustive algorithm"
paranalogy debug: finding analogy for dihedral CG311 CG3RC1 CG3C52 CG2R51
paranalogy debug: "smart algorithm" found no matching parameters;
switching to "exhaustive algorithm"
paranalogy debug: finding analogy for dihedral CG3RC1 CG3RC1 CG3C52 CG2R51
paranalogy debug: "smart algorithm" found no matching parameters;
switching to "exhaustive algorithm"
paranalogy debug: finding analogy for dihedral HGA1 CG3RC1 CG3C52 CG2R51
paranalogy debug: "smart algorithm" found no matching parameters;
switching to "exhaustive algorithm"
paranalogy debug: finding analogy for dihedral CG311 CG3RC1 CG3RC1 CG2R51
paranalogy debug: "smart algorithm" found no matching parameters;
switching to "exhaustive algorithm"
paranalogy debug: finding analogy for dihedral CG3C52 CG3RC1 CG3RC1 CG2R51
paranalogy debug: "smart algorithm" found no matching parameters;
switching to "exhaustive algorithm"
paranalogy debug: finding analogy for dihedral HGA1 CG3RC1 CG3RC1 CG2R51
paranalogy debug: "smart algorithm" found no matching parameters;
switching to "exhaustive algorithm"
paranalogy debug: finding analogy for dihedral CG3RC1 CG3C52 CG2R51 CG2R51
paranalogy debug: finding analogy for dihedral CG3RC1 CG3C52 CG2R51 HGR51
paranalogy debug: finding analogy for dihedral CG3C52 CG2R51 CG2R51 CG2R61
paranalogy debug: "smart algorithm" found no matching parameters;
switching to "exhaustive algorithm"
paranalogy debug: finding analogy for dihedral CG3C52 CG2R51 CG2R51 CG3RC1
paranalogy debug: finding analogy for dihedral HGR51 CG2R51 CG2R51 CG2R61
paranalogy debug: "smart algorithm" found no matching parameters;
switching to "exhaustive algorithm"
paranalogy debug: finding analogy for dihedral HGR51 CG2R51 CG2R51 CG3RC1
paranalogy debug: finding analogy for CG2R51 CG2R61
paranalogy debug: "smart algorithm" found no matching parameters;
switching to "exhaustive algorithm"
paranalogy debug: finding analogy for dihedral CG2R51 CG2R51 CG2R61 CG2R61
paranalogy debug: "smart algorithm" found no matching parameters;
switching to "exhaustive algorithm"
paranalogy debug: finding analogy for dihedral CG2R51 CG2R51 CG2R61 CG2R61
paranalogy debug: "smart algorithm" found no matching parameters;
switching to "exhaustive algorithm"
paranalogy debug: finding analogy for dihedral CG3RC1 CG2R51 CG2R61 CG2R61
paranalogy debug: "smart algorithm" found no matching parameters;
switching to "exhaustive algorithm"
paranalogy debug: finding analogy for dihedral CG3RC1 CG2R51 CG2R61 CG2R61
paranalogy debug: "smart algorithm" found no matching parameters;
switching to "exhaustive algorithm"
paranalogy debug: finding analogy for CG2R51 CG3RC1
paranalogy debug: finding analogy for dihedral CG2R51 CG2R51 CG3RC1 CG3RC1
paranalogy debug: "smart algorithm" found no matching parameters;
switching to "exhaustive algorithm"
paranalogy debug: finding analogy for dihedral CG2R51 CG2R51 CG3RC1 CG331
paranalogy debug: "smart algorithm" found no matching parameters;
switching to "exhaustive algorithm"
paranalogy debug: finding analogy for dihedral CG2R51 CG2R51 CG3RC1 CG321
paranalogy debug: "smart algorithm" found no matching parameters;
switching to "exhaustive algorithm"
paranalogy debug: finding analogy for dihedral CG2R61 CG2R51 CG3RC1 CG3RC1
paranalogy debug: "smart algorithm" found no matching parameters;
switching to "exhaustive algorithm"
paranalogy debug: finding analogy for dihedral CG2R61 CG2R51 CG3RC1 CG331
paranalogy debug: "smart algorithm" found no matching parameters;
switching to "exhaustive algorithm"
paranalogy debug: finding analogy for dihedral CG2R61 CG2R51 CG3RC1 CG321
paranalogy debug: "smart algorithm" found no matching parameters;
switching to "exhaustive algorithm"
paranalogy debug: finding analogy for dihedral CG2R51 CG2R61 CG2R61 CG2R61
paranalogy debug: finding analogy for dihedral CG2R51 CG2R61 CG2R61 HGR61
paranalogy debug: finding analogy for dihedral CG2R51 CG2R61 CG2R61 NG2R60
paranalogy debug: "smart algorithm" found no matching parameters;
switching to "exhaustive algorithm"
paranalogy debug: finding analogy for dihedral CG2R51 CG2R61 CG2R61 HGR62
paranalogy debug: finding analogy for dihedral CG2R51 CG3RC1 CG331 HGA3
paranalogy debug: "smart algorithm" found no matching parameters;
switching to "exhaustive algorithm"
paranalogy debug: finding analogy for dihedral CG2R51 CG3RC1 CG331 HGA3
paranalogy debug: "smart algorithm" found no matching parameters;
switching to "exhaustive algorithm"
paranalogy debug: finding analogy for dihedral CG2R51 CG3RC1 CG331 HGA3
paranalogy debug: "smart algorithm" found no matching parameters;
switching to "exhaustive algorithm"
paranalogy debug: finding analogy for dihedral CG2R51 CG3RC1 CG321 CG321
paranalogy debug: "smart algorithm" found no matching parameters;
switching to "exhaustive algorithm"
paranalogy debug: finding analogy for dihedral CG2R51 CG3RC1 CG321 HGA2
paranalogy debug: "smart algorithm" found no matching parameters;
switching to "exhaustive algorithm"
paranalogy debug: finding analogy for dihedral CG2R51 CG3RC1 CG321 HGA2
paranalogy debug: "smart algorithm" found no matching parameters;
switching to "exhaustive algorithm"
paranalogy debug: finding analogy for dihedral CG321 CG311 OG301 CG301
paranalogy debug: finding analogy for dihedral CG321 CG311 OG301 CG301
paranalogy debug: finding analogy for dihedral HGA1 CG311 OG301 CG301
paranalogy debug: finding analogy for dihedral CG321 CG321 OG301 CG301
paranalogy debug: finding analogy for dihedral HGA2 CG321 OG301 CG301
paranalogy debug: finding analogy for dihedral HGA2 CG321 OG301 CG301
paranalogy debug: finding analogy for dihedral CG311 OG301 CG301 CG331
paranalogy debug: finding analogy for dihedral CG311 OG301 CG301 CG331
paranalogy debug: finding analogy for dihedral CG311 OG301 CG301 OG301
paranalogy debug: finding analogy for dihedral OG301 CG301 OG301 CG321
paranalogy debug: finding analogy for dihedral CG331 CG301 OG301 CG321
paranalogy debug: finding analogy for dihedral CG331 CG301 OG301 CG321
paranalogy debug: finding analogy for CG2R51 CG3C52 CG3RC1
paranalogy debug: finding analogy for CG2R61 CG2R51 CG2R51
paranalogy debug: "smart algorithm" found no matching parameters;
switching to "exhaustive algorithm"
paranalogy debug: finding analogy for CG3RC1 CG2R51 CG2R51
paranalogy debug: finding analogy for CG3RC1 CG2R51 CG2R61
paranalogy debug: "smart algorithm" found no matching parameters;
switching to "exhaustive algorithm"
paranalogy debug: finding analogy for CG2R61 CG2R61 CG2R51
paranalogy debug: finding analogy for CG2R61 CG2R61 CG2R51
paranalogy debug: finding analogy for CG2R51 CG3RC1 CG3RC1
paranalogy debug: "smart algorithm" found no matching parameters;
switching to "exhaustive algorithm"
paranalogy debug: finding analogy for CG331 CG3RC1 CG2R51
paranalogy debug: "smart algorithm" found no matching parameters;
switching to "exhaustive algorithm"
paranalogy debug: finding analogy for CG321 CG3RC1 CG2R51
paranalogy debug: "smart algorithm" found no matching parameters;
switching to "exhaustive algorithm"
paranalogy debug: finding analogy for CG301 OG301 CG311
paranalogy debug: finding analogy for CG301 OG301 CG321
